{"synthetic": false,
 "schemaVersion": "2025-09-10",
 "outputs":
 {"o": ["18a5a3344a57b2e1.olean"],
  "m": false,
  "i": "b594f07f0ede530d.ilean",
  "c": "c1d2791b60b66a89.c"},
 "log":
 [{"message":
   ".> LEAN_PATH=C:\\Users\\jaime\\AtiyahAndMacdonald\\.lake\\packages\\Cli\\.lake\\build\\lib\\lean;C:\\Users\\jaime\\AtiyahAndMacdonald\\.lake\\packages\\batteries\\.lake\\build\\lib\\lean;C:\\Users\\jaime\\AtiyahAndMacdonald\\.lake\\packages\\Qq\\.lake\\build\\lib\\lean;C:\\Users\\jaime\\AtiyahAndMacdonald\\.lake\\packages\\aesop\\.lake\\build\\lib\\lean;C:\\Users\\jaime\\AtiyahAndMacdonald\\.lake\\packages\\proofwidgets\\.lake\\build\\lib\\lean;C:\\Users\\jaime\\AtiyahAndMacdonald\\.lake\\packages\\importGraph\\.lake\\build\\lib\\lean;C:\\Users\\jaime\\AtiyahAndMacdonald\\.lake\\packages\\LeanSearchClient\\.lake\\build\\lib\\lean;C:\\Users\\jaime\\AtiyahAndMacdonald\\.lake\\packages\\plausible\\.lake\\build\\lib\\lean;C:\\Users\\jaime\\AtiyahAndMacdonald\\.lake\\packages\\mathlib\\.lake\\build\\lib\\lean;C:\\Users\\jaime\\AtiyahAndMacdonald\\.lake\\build\\lib\\lean c:\\Users\\jaime\\.elan\\toolchains\\leanprover--lean4---v4.35.0-rc3\\bin\\lean.exe C:\\Users\\jaime\\AtiyahAndMacdonald\\AtiyahAndMacdonald\\Chapter1\\Definitions.lean -o C:\\Users\\jaime\\AtiyahAndMacdonald\\.lake\\build\\lib\\lean\\AtiyahAndMacdonald\\Chapter1\\Definitions.olean -i C:\\Users\\jaime\\AtiyahAndMacdonald\\.lake\\build\\lib\\lean\\AtiyahAndMacdonald\\Chapter1\\Definitions.ilean -c C:\\Users\\jaime\\AtiyahAndMacdonald\\.lake\\build\\ir\\AtiyahAndMacdonald\\Chapter1\\Definitions.c --setup C:\\Users\\jaime\\AtiyahAndMacdonald\\.lake\\build\\ir\\AtiyahAndMacdonald\\Chapter1\\Definitions.setup.json --json",
   "level": "trace"},
  {"message":
   "AtiyahAndMacdonald/Chapter1/Definitions.lean:112:6: declaration uses `sorry`",
   "level": "warning"}],
 "inputs":
 [["deps",
   [["AtiyahAndMacdonald/AtiyahAndMacdonald:extraDep",
     [["@AtiyahAndMacdonald:extraDep", "00000000000006bb"]]],
    ["imports",
     [["AtiyahAndMacdonald.Base transitive imports (legacy)",
       "083fd48f85f890fd"],
      ["AtiyahAndMacdonald.Base:importAllArts", "5b411ed4cf178b68"],
      ["AtiyahAndMacdonald.Base_Quotient transitive imports (legacy)",
       "e0b0e40f2cd9707d"],
      ["AtiyahAndMacdonald.Base_Quotient:importAllArts",
       "80886405e515b6c1"]]]]],
  ["libs",
   [["import dynlibs", "00000000000006bb"],
    ["package external libraries", "00000000000006bb"],
    ["module dynlibs", "00000000000006bb"],
    ["module plugins", "00000000000006bb"]]],
  ["Lean 4.35.0, commit 470d5ce1400764999581fd26d5d72b00d990b0f4",
   "6e1b3f3248ad81dc"],
  ["C:\\Users\\jaime\\AtiyahAndMacdonald\\AtiyahAndMacdonald\\Chapter1\\Definitions.lean",
   "4e8eebbc3547ef3a"],
  ["options", "00000000000006bb"],
  ["isModule: false", "feefd2a0d3a1847e"],
  ["Module.name: AtiyahAndMacdonald.Chapter1.Definitions", "f3fdecfb9194d2d9"],
  ["Package.id?: (some AtiyahAndMacdonald)", "632a59f36dcb6f30"],
  ["Module.leanArgs: #[]", "00000000000006bb"]],
 "depHash": "bdc74e2e8e82e7bb"}