{"synthetic": false,
 "schemaVersion": "2025-09-10",
 "outputs":
 {"o": ["701b222a15c55e03.olean"],
  "m": false,
  "i": "1e27219350345be4.ilean",
  "c": "8c60a76bef31e6a6.c"},
 "log":
 [{"message":
   ".> LEAN_PATH=C:\\Users\\jaime\\AtiyahAndMacdonald\\.lake\\packages\\Cli\\.lake\\build\\lib\\lean;C:\\Users\\jaime\\AtiyahAndMacdonald\\.lake\\packages\\batteries\\.lake\\build\\lib\\lean;C:\\Users\\jaime\\AtiyahAndMacdonald\\.lake\\packages\\Qq\\.lake\\build\\lib\\lean;C:\\Users\\jaime\\AtiyahAndMacdonald\\.lake\\packages\\aesop\\.lake\\build\\lib\\lean;C:\\Users\\jaime\\AtiyahAndMacdonald\\.lake\\packages\\proofwidgets\\.lake\\build\\lib\\lean;C:\\Users\\jaime\\AtiyahAndMacdonald\\.lake\\packages\\importGraph\\.lake\\build\\lib\\lean;C:\\Users\\jaime\\AtiyahAndMacdonald\\.lake\\packages\\LeanSearchClient\\.lake\\build\\lib\\lean;C:\\Users\\jaime\\AtiyahAndMacdonald\\.lake\\packages\\plausible\\.lake\\build\\lib\\lean;C:\\Users\\jaime\\AtiyahAndMacdonald\\.lake\\packages\\mathlib\\.lake\\build\\lib\\lean;C:\\Users\\jaime\\AtiyahAndMacdonald\\.lake\\build\\lib\\lean c:\\Users\\jaime\\.elan\\toolchains\\leanprover--lean4---v4.35.0-rc3\\bin\\lean.exe C:\\Users\\jaime\\AtiyahAndMacdonald\\AtiyahAndMacdonald\\Base.lean -o C:\\Users\\jaime\\AtiyahAndMacdonald\\.lake\\build\\lib\\lean\\AtiyahAndMacdonald\\Base.olean -i C:\\Users\\jaime\\AtiyahAndMacdonald\\.lake\\build\\lib\\lean\\AtiyahAndMacdonald\\Base.ilean -c C:\\Users\\jaime\\AtiyahAndMacdonald\\.lake\\build\\ir\\AtiyahAndMacdonald\\Base.c --setup C:\\Users\\jaime\\AtiyahAndMacdonald\\.lake\\build\\ir\\AtiyahAndMacdonald\\Base.setup.json --json",
   "level": "trace"},
  {"message": "AtiyahAndMacdonald/Base.lean:202:4: declaration uses `sorry`",
   "level": "warning"},
  {"message": "AtiyahAndMacdonald/Base.lean:211:4: declaration uses `sorry`",
   "level": "warning"},
  {"message": "AtiyahAndMacdonald/Base.lean:220:0: declaration uses `sorry`",
   "level": "warning"}],
 "inputs":
 [["deps",
   [["AtiyahAndMacdonald/AtiyahAndMacdonald:extraDep",
     [["@AtiyahAndMacdonald:extraDep", "00000000000006bb"]]],
    ["imports",
     [["Mathlib.Data.Set.Basic transitive imports (legacy)",
       "d675a74e9e2b4eba"],
      ["Mathlib.Data.Set.Basic:importAllArts", "55605282a7bcbd0f"]]]]],
  ["libs",
   [["import dynlibs", "00000000000006bb"],
    ["package external libraries", "00000000000006bb"],
    ["module dynlibs", "00000000000006bb"],
    ["module plugins", "00000000000006bb"]]],
  ["Lean 4.35.0, commit 470d5ce1400764999581fd26d5d72b00d990b0f4",
   "6e1b3f3248ad81dc"],
  ["C:\\Users\\jaime\\AtiyahAndMacdonald\\AtiyahAndMacdonald\\Base.lean",
   "b2215acef21d122e"],
  ["options", "00000000000006bb"],
  ["isModule: false", "feefd2a0d3a1847e"],
  ["Module.name: AtiyahAndMacdonald.Base", "6bb318ba5e0f57df"],
  ["Package.id?: (some AtiyahAndMacdonald)", "632a59f36dcb6f30"],
  ["Module.leanArgs: #[]", "00000000000006bb"]],
 "depHash": "e1c2d5e85bdb3bcc"}